../Drivers/CMSIS/Include/core_cm4.h:1938:34:__NVIC_SystemReset	4	static,ignoring_inline_asm
../Core/Src/main.c:95:6:AffLed	16	static
../Core/Src/main.c:99:6:initRegWd1000	16	static
../Core/Src/main.c:108:6:GetDxA	8	static
../Core/Src/main.c:116:6:GetDxB	16	static
../Core/Src/main.c:128:6:GetSd	16	static
../Core/Src/main.c:151:6:IncChoix	4	static
../Core/Src/main.c:162:6:DecChoix	4	static
../Core/Src/main.c:173:20:HAL_InitTick	16	static
../Core/Src/main.c:178:6:HAL_Delay	32	static,ignoring_inline_asm
../Core/Src/main.c:198:5:main	16	static
../Core/Src/main.c:376:6:SystemClock_Config0	88	static
../Core/Src/main.c:419:6:SystemClock_Config	88	static
../Core/Src/main.c:467:13:MX_GPIO_Init	48	static
../Core/Src/main.c:563:13:MX_SDIO_SD_Init	4	static
../Core/Src/main.c:586:6:Error_Handler	4	static,ignoring_inline_asm
