Archive member included to satisfy reference by file (symbol)

C:/ST/STM32CubeIDE_1.19.0/STM32CubeIDE/plugins/com.st.stm32cube.ide.mcu.externaltools.gnu-tools-for-stm32.13.3.rel1.win32_1.0.0.202411081344/tools/bin/../lib/gcc/arm-none-eabi/13.3.1/../../../../arm-none-eabi/lib/thumb/v7e-m+fp/hard\libc_nano.a(libc_a-exit.o)
                              C:/ST/STM32CubeIDE_1.19.0/STM32CubeIDE/plugins/com.st.stm32cube.ide.mcu.externaltools.gnu-tools-for-stm32.13.3.rel1.win32_1.0.0.202411081344/tools/bin/../lib/gcc/arm-none-eabi/13.3.1/../../../../arm-none-eabi/lib/thumb/v7e-m+fp/hard/crt0.o (exit)
C:/ST/STM32CubeIDE_1.19.0/STM32CubeIDE/plugins/com.st.stm32cube.ide.mcu.externaltools.gnu-tools-for-stm32.13.3.rel1.win32_1.0.0.202411081344/tools/bin/../lib/gcc/arm-none-eabi/13.3.1/../../../../arm-none-eabi/lib/thumb/v7e-m+fp/hard\libc_nano.a(libc_a-findfp.o)
                              C:/ST/STM32CubeIDE_1.19.0/STM32CubeIDE/plugins/com.st.stm32cube.ide.mcu.externaltools.gnu-tools-for-stm32.13.3.rel1.win32_1.0.0.202411081344/tools/bin/../lib/gcc/arm-none-eabi/13.3.1/../../../../arm-none-eabi/lib/thumb/v7e-m+fp/hard\libc_nano.a(libc_a-exit.o) (__stdio_exit_handler)
C:/ST/STM32CubeIDE_1.19.0/STM32CubeIDE/plugins/com.st.stm32cube.ide.mcu.externaltools.gnu-tools-for-stm32.13.3.rel1.win32_1.0.0.202411081344/tools/bin/../lib/gcc/arm-none-eabi/13.3.1/../../../../arm-none-eabi/lib/thumb/v7e-m+fp/hard\libc_nano.a(libc_a-fwalk.o)
                              C:/ST/STM32CubeIDE_1.19.0/STM32CubeIDE/plugins/com.st.stm32cube.ide.mcu.externaltools.gnu-tools-for-stm32.13.3.rel1.win32_1.0.0.202411081344/tools/bin/../lib/gcc/arm-none-eabi/13.3.1/../../../../arm-none-eabi/lib/thumb/v7e-m+fp/hard\libc_nano.a(libc_a-findfp.o) (_fwalk_sglue)
C:/ST/STM32CubeIDE_1.19.0/STM32CubeIDE/plugins/com.st.stm32cube.ide.mcu.externaltools.gnu-tools-for-stm32.13.3.rel1.win32_1.0.0.202411081344/tools/bin/../lib/gcc/arm-none-eabi/13.3.1/../../../../arm-none-eabi/lib/thumb/v7e-m+fp/hard\libc_nano.a(libc_a-stdio.o)
                              C:/ST/STM32CubeIDE_1.19.0/STM32CubeIDE/plugins/com.st.stm32cube.ide.mcu.externaltools.gnu-tools-for-stm32.13.3.rel1.win32_1.0.0.202411081344/tools/bin/../lib/gcc/arm-none-eabi/13.3.1/../../../../arm-none-eabi/lib/thumb/v7e-m+fp/hard\libc_nano.a(libc_a-findfp.o) (__sread)
C:/ST/STM32CubeIDE_1.19.0/STM32CubeIDE/plugins/com.st.stm32cube.ide.mcu.externaltools.gnu-tools-for-stm32.13.3.rel1.win32_1.0.0.202411081344/tools/bin/../lib/gcc/arm-none-eabi/13.3.1/../../../../arm-none-eabi/lib/thumb/v7e-m+fp/hard\libc_nano.a(libc_a-memset.o)
                              C:/ST/STM32CubeIDE_1.19.0/STM32CubeIDE/plugins/com.st.stm32cube.ide.mcu.externaltools.gnu-tools-for-stm32.13.3.rel1.win32_1.0.0.202411081344/tools/bin/../lib/gcc/arm-none-eabi/13.3.1/../../../../arm-none-eabi/lib/thumb/v7e-m+fp/hard/crt0.o (memset)
C:/ST/STM32CubeIDE_1.19.0/STM32CubeIDE/plugins/com.st.stm32cube.ide.mcu.externaltools.gnu-tools-for-stm32.13.3.rel1.win32_1.0.0.202411081344/tools/bin/../lib/gcc/arm-none-eabi/13.3.1/../../../../arm-none-eabi/lib/thumb/v7e-m+fp/hard\libc_nano.a(libc_a-closer.o)
                              C:/ST/STM32CubeIDE_1.19.0/STM32CubeIDE/plugins/com.st.stm32cube.ide.mcu.externaltools.gnu-tools-for-stm32.13.3.rel1.win32_1.0.0.202411081344/tools/bin/../lib/gcc/arm-none-eabi/13.3.1/../../../../arm-none-eabi/lib/thumb/v7e-m+fp/hard\libc_nano.a(libc_a-stdio.o) (_close_r)
C:/ST/STM32CubeIDE_1.19.0/STM32CubeIDE/plugins/com.st.stm32cube.ide.mcu.externaltools.gnu-tools-for-stm32.13.3.rel1.win32_1.0.0.202411081344/tools/bin/../lib/gcc/arm-none-eabi/13.3.1/../../../../arm-none-eabi/lib/thumb/v7e-m+fp/hard\libc_nano.a(libc_a-reent.o)
                              C:/ST/STM32CubeIDE_1.19.0/STM32CubeIDE/plugins/com.st.stm32cube.ide.mcu.externaltools.gnu-tools-for-stm32.13.3.rel1.win32_1.0.0.202411081344/tools/bin/../lib/gcc/arm-none-eabi/13.3.1/../../../../arm-none-eabi/lib/thumb/v7e-m+fp/hard\libc_nano.a(libc_a-closer.o) (errno)
C:/ST/STM32CubeIDE_1.19.0/STM32CubeIDE/plugins/com.st.stm32cube.ide.mcu.externaltools.gnu-tools-for-stm32.13.3.rel1.win32_1.0.0.202411081344/tools/bin/../lib/gcc/arm-none-eabi/13.3.1/../../../../arm-none-eabi/lib/thumb/v7e-m+fp/hard\libc_nano.a(libc_a-impure.o)
                              C:/ST/STM32CubeIDE_1.19.0/STM32CubeIDE/plugins/com.st.stm32cube.ide.mcu.externaltools.gnu-tools-for-stm32.13.3.rel1.win32_1.0.0.202411081344/tools/bin/../lib/gcc/arm-none-eabi/13.3.1/../../../../arm-none-eabi/lib/thumb/v7e-m+fp/hard\libc_nano.a(libc_a-reent.o) (_impure_ptr)
C:/ST/STM32CubeIDE_1.19.0/STM32CubeIDE/plugins/com.st.stm32cube.ide.mcu.externaltools.gnu-tools-for-stm32.13.3.rel1.win32_1.0.0.202411081344/tools/bin/../lib/gcc/arm-none-eabi/13.3.1/../../../../arm-none-eabi/lib/thumb/v7e-m+fp/hard\libc_nano.a(libc_a-lseekr.o)
[...]
Memory Configuration

Name             Origin             Length             Attributes
RAM              0x20000000         0x00020000         xrw
FLASH            0x08000000         0x00080000         xr
*default*        0x00000000         0xffffffff

Linker script and memory map

LOAD C:/ST/STM32CubeIDE_1.19.0/STM32CubeIDE/plugins/com.st.stm32cube.ide.mcu.externaltools.gnu-tools-for-stm32.13.3.rel1.win32_1.0.0.202411081344/tools/bin/../lib/gcc/arm-none-eabi/13.3.1/thumb/v7e-m+fp/hard/crti.o
LOAD C:/ST/STM32CubeIDE_1.19.0/STM32CubeIDE/plugins/com.st.stm32cube.ide.mcu.externaltools.gnu-tools-for-stm32.13.3.rel1.win32_1.0.0.202411081344/tools/bin/../lib/gcc/arm-none-eabi/13.3.1/thumb/v7e-m+fp/hard/crtbegin.o
LOAD C:/ST/STM32CubeIDE_1.19.0/STM32CubeIDE/plugins/com.st.stm32cube.ide.mcu.externaltools.gnu-tools-for-stm32.13.3.rel1.win32_1.0.0.202411081344/tools/bin/../lib/gcc/arm-none-eabi/13.3.1/../../../../arm-none-eabi/lib/thumb/v7e-m+fp/hard/crt0.o
LOAD ./Core/Src/floppy.o
LOAD ./Core/Src/lz4_decompress.o
LOAD ./Core/Src/main.o
LOAD ./Core/Src/stm32f4xx_hal_msp.o
LOAD ./Core/Src/stm32f4xx_it.o
LOAD ./Core/Src/syscalls.o
LOAD ./Core/Src/sysmem.o
LOAD ./Core/Src/system_stm32f4xx.o
LOAD ./Core/Startup/startup_stm32f446retx.o
LOAD ./Drivers/STM32F4xx_HAL_Driver/Src/stm32f4xx_hal.o
LOAD ./Drivers/STM32F4xx_HAL_Driver/Src/stm32f4xx_hal_cortex.o
LOAD ./Drivers/STM32F4xx_HAL_Driver/Src/stm32f4xx_hal_dma.o
LOAD ./Drivers/STM32F4xx_HAL_Driver/Src/stm32f4xx_hal_dma_ex.o
LOAD ./Drivers/STM32F4xx_HAL_Driver/Src/stm32f4xx_hal_exti.o
LOAD ./Drivers/STM32F4xx_HAL_Driver/Src/stm32f4xx_hal_flash.o
LOAD ./Drivers/STM32F4xx_HAL_Driver/Src/stm32f4xx_hal_flash_ex.o
LOAD ./Drivers/STM32F4xx_HAL_Driver/Src/stm32f4xx_hal_flash_ramfunc.o
LOAD ./Drivers/STM32F4xx_HAL_Driver/Src/stm32f4xx_hal_gpio.o
LOAD ./Drivers/STM32F4xx_HAL_Driver/Src/stm32f4xx_hal_mmc.o
LOAD ./Drivers/STM32F4xx_HAL_Driver/Src/stm32f4xx_hal_pwr.o
LOAD ./Drivers/STM32F4xx_HAL_Driver/Src/stm32f4xx_hal_pwr_ex.o
LOAD ./Drivers/STM32F4xx_HAL_Driver/Src/stm32f4xx_hal_rcc.o
LOAD ./Drivers/STM32F4xx_HAL_Driver/Src/stm32f4xx_hal_rcc_ex.o
LOAD ./Drivers/STM32F4xx_HAL_Driver/Src/stm32f4xx_hal_sd.o
LOAD ./Drivers/STM32F4xx_HAL_Driver/Src/stm32f4xx_ll_sdmmc.o
LOAD ./FATFS/App/fatfs.o
LOAD ./FATFS/Target/bsp_driver_sd.o
LOAD ./FATFS/Target/fatfs_platform.o
LOAD ./FATFS/Target/sd_diskio.o
LOAD ./Middlewares/Third_Party/FatFs/src/diskio.o
LOAD ./Middlewares/Third_Party/FatFs/src/ff.o
LOAD ./Middlewares/Third_Party/FatFs/src/ff_gen_drv.o
LOAD ./Middlewares/Third_Party/FatFs/src/ffunicode.o
LOAD ./Middlewares/Third_Party/FatFs/src/option/syscall.o
START GROUP
LOAD C:/ST/STM32CubeIDE_1.19.0/STM32CubeIDE/plugins/com.st.stm32cube.ide.mcu.externaltools.gnu-tools-for-stm32.13.3.rel1.win32_1.0.0.202411081344/tools/bin/../lib/gcc/arm-none-eabi/13.3.1/../../../../arm-none-eabi/lib/thumb/v7e-m+fp/hard\libc_nano.a
LOAD C:/ST/STM32CubeIDE_1.19.0/STM32CubeIDE/plugins/com.st.stm32cube.ide.mcu.externaltools.gnu-tools-for-stm32.13.3.rel1.win32_1.0.0.202411081344/tools/bin/../lib/gcc/arm-none-eabi/13.3.1/../../../../arm-none-eabi/lib/thumb/v7e-m+fp/hard\libm.a
END GROUP
START GROUP
LOAD C:/ST/STM32CubeIDE_1.19.0/STM32CubeIDE/plugins/com.st.stm32cube.ide.mcu.externaltools.gnu-tools-for-stm32.13.3.rel1.win32_1.0.0.202411081344/tools/bin/../lib/gcc/arm-none-eabi/13.3.1/thumb/v7e-m+fp/hard\libgcc.a
LOAD C:/ST/STM32CubeIDE_1.19.0/STM32CubeIDE/plugins/com.st.stm32cube.ide.mcu.externaltools.gnu-tools-for-stm32.13.3.rel1.win32_1.0.0.202411081344/tools/bin/../lib/gcc/arm-none-eabi/13.3.1/../../../../arm-none-eabi/lib/thumb/v7e-m+fp/hard\libc_nano.a
END GROUP
START GROUP
LOAD C:/ST/STM32CubeIDE_1.19.0/STM32CubeIDE/plugins/com.st.stm32cube.ide.mcu.externaltools.gnu-tools-for-stm32.13.3.rel1.win32_1.0.0.202411081344/tools/bin/../lib/gcc/arm-none-eabi/13.3.1/thumb/v7e-m+fp/hard\libgcc.a
LOAD C:/ST/STM32CubeIDE_1.19.0/STM32CubeIDE/plugins/com.st.stm32cube.ide.mcu.externaltools.gnu-tools-for-stm32.13.3.rel1.win32_1.0.0.202411081344/tools/bin/../lib/gcc/arm-none-eabi/13.3.1/../../../../arm-none-eabi/lib/thumb/v7e-m+fp/hard\libc_nano.a
LOAD C:/ST/STM32CubeIDE_1.19.0/STM32CubeIDE/plugins/com.st.stm32cube.ide.mcu.externaltools.gnu-tools-for-stm32.13.3.rel1.win32_1.0.0.202411081344/tools/bin/../lib/gcc/arm-none-eabi/13.3.1/../../../../arm-none-eabi/lib/thumb/v7e-m+fp/hard\libnosys.a
END GROUP
START GROUP
LOAD C:/ST/STM32CubeIDE_1.19.0/STM32CubeIDE/plugins/com.st.stm32cube.ide.mcu.externaltools.gnu-tools-for-stm32.13.3.rel1.win32_1.0.0.202411081344/tools/bin/../lib/gcc/arm-none-eabi/13.3.1/thumb/v7e-m+fp/hard\libgcc.a
LOAD C:/ST/STM32CubeIDE_1.19.0/STM32CubeIDE/plugins/com.st.stm32cube.ide.mcu.externaltools.gnu-tools-for-stm32.13.3.rel1.win32_1.0.0.202411081344/tools/bin/../lib/gcc/arm-none-eabi/13.3.1/../../../../arm-none-eabi/lib/thumb/v7e-m+fp/hard\libc_nano.a
LOAD C:/ST/STM32CubeIDE_1.19.0/STM32CubeIDE/plugins/com.st.stm32cube.ide.mcu.externaltools.gnu-tools-for-stm32.13.3.rel1.win32_1.0.0.202411081344/tools/bin/../lib/gcc/arm-none-eabi/13.3.1/../../../../arm-none-eabi/lib/thumb/v7e-m+fp/hard\libnosys.a
END GROUP
LOAD C:/ST/STM32CubeIDE_1.19.0/STM32CubeIDE/plugins/com.st.stm32cube.ide.mcu.externaltools.gnu-tools-for-stm32.13.3.rel1.win32_1.0.0.202411081344/tools/bin/../lib/gcc/arm-none-eabi/13.3.1/thumb/v7e-m+fp/hard/crtend.o
LOAD C:/ST/STM32CubeIDE_1.19.0/STM32CubeIDE/plugins/com.st.stm32cube.ide.mcu.externaltools.gnu-tools-for-stm32.13.3.rel1.win32_1.0.0.202411081344/tools/bin/../lib/gcc/arm-none-eabi/13.3.1/thumb/v7e-m+fp/hard/crtn.o
                0x20020000                        _estack = (ORIGIN (RAM) + LENGTH (RAM))
                0x00000200                        _Min_Heap_Size = 0x200
                0x00000400                        _Min_Stack_Size = 0x400

.isr_vector     0x08000000      0x1c4
                0x08000000                        . = ALIGN (0x4)
 *(.isr_vector)
 .isr_vector    0x08000000      0x1c4 ./Core/Startup/startup_stm32f446retx.o
                0x08000000                g_pfnVectors
                0x080001c4                        . = ALIGN (0x4)

.text           0x080001c4     0x7124
                0x080001c4                        . = ALIGN (0x4)
 *(.text)
 .text          0x080001c4       0x40 C:/ST/STM32CubeIDE_1.19.0/STM32CubeIDE/plugins/com.st.stm32cube.ide.mcu.externaltools.gnu-tools-for-stm32.13.3.rel1.win32_1.0.0.202411081344/tools/bin/../lib/gcc/arm-none-eabi/13.3.1/thumb/v7e-m+fp/hard/crtbegin.o
 .text          0x08000204       0x30 C:/ST/STM32CubeIDE_1.19.0/STM32CubeIDE/plugins/com.st.stm32cube.ide.mcu.externaltools.gnu-tools-for-stm32.13.3.rel1.win32_1.0.0.202411081344/tools/bin/../lib/gcc/arm-none-eabi/13.3.1/thumb/v7e-m+fp/hard\libgcc.a(_aeabi_uldivmod.o)
                0x08000204                __aeabi_uldivmod
 .text          0x08000234      0x2f8 C:/ST/STM32CubeIDE_1.19.0/STM32CubeIDE/plugins/com.st.stm32cube.ide.mcu.externaltools.gnu-tools-for-stm32.13.3.rel1.win32_1.0.0.202411081344/tools/bin/../lib/gcc/arm-none-eabi/13.3.1/thumb/v7e-m+fp/hard\libgcc.a(_udivmoddi4.o)
                0x08000234                __udivmoddi4
 .text          0x0800052c        0x4 C:/ST/STM32CubeIDE_1.19.0/STM32CubeIDE/plugins/com.st.stm32cube.ide.mcu.externaltools.gnu-tools-for-stm32.13.3.rel1.win32_1.0.0.202411081344/tools/bin/../lib/gcc/arm-none-eabi/13.3.1/thumb/v7e-m+fp/hard\libgcc.a(_dvmd_tls.o)
                0x0800052c                __aeabi_idiv0
                0x0800052c                __aeabi_ldiv0
 *(.text*)
 .text.InitFloppy
                0x08000530       0x4c ./Core/Src/floppy.o
                0x08000530                InitFloppy
 .text.ReadBlocFloppy
                0x0800057c       0x70 ./Core/Src/floppy.o
                0x0800057c                ReadBlocFloppy
 .text.WriteBlocFloppy
                0x080005ec       0x78 ./Core/Src/floppy.o
                0x080005ec                WriteBlocFloppy
 .text.LZ4_decompress_generic
                0x08000664      0x158 ./Core/Src/lz4_decompress.o
 .text.LZ4_decompress_safe
                0x080007bc       0x24 ./Core/Src/lz4_decompress.o
                0x080007bc                LZ4_decompress_safe
 .text.decompress_block
                0x080007e0       0x58 ./Core/Src/lz4_decompress.o
                0x080007e0                decompress_block
 .text.__NVIC_SystemReset
                0x08000838       0x2c ./Core/Src/main.o
 .text.AffLed   0x08000864       0x20 ./Core/Src/main.o
                0x08000864                AffLed
 .text.initRegWd1000
                0x08000884       0x5c ./Core/Src/main.o
                0x08000884                initRegWd1000
 .text.GetDxA   0x080008e0       0x50 ./Core/Src/main.o
                0x080008e0                GetDxA
 .text.GetDxB   0x08000930       0x50 ./Core/Src/main.o
                0x08000930                GetDxB
 .text.GetSd    0x08000980       0x94 ./Core/Src/main.o
                0x08000980                GetSd
 .text.IncChoix
                0x08000a14       0x48 ./Core/Src/main.o
                0x08000a14                IncChoix
 .text.DecChoix
                0x08000a5c       0x48 ./Core/Src/main.o
                0x08000a5c                DecChoix
 .text.HAL_InitTick
                0x08000aa4       0x16 ./Core/Src/main.o
                0x08000aa4                HAL_InitTick
 *fill*         0x08000aba        0x2 
 .text.HAL_Delay
                0x08000abc       0x58 ./Core/Src/main.o
                0x08000abc                HAL_Delay
 .text.main     0x08000b14      0x3f0 ./Core/Src/main.o
                0x08000b14                main
 .text.SystemClock_Config
                0x08000f04       0xd4 ./Core/Src/main.o
                0x08000f04                SystemClock_Config
 .text.MX_GPIO_Init
                0x08000fd8      0x1c0 ./Core/Src/main.o
 .text.MX_SDIO_SD_Init
                0x08001198       0x48 ./Core/Src/main.o
 .text.Error_Handler
                0x080011e0        0xc ./Core/Src/main.o
                0x080011e0                Error_Handler
 .text.HAL_MspInit
                0x080011ec       0x50 ./Core/Src/stm32f4xx_hal_msp.o
                0x080011ec                HAL_MspInit
 .text.HAL_SD_MspInit
                0x0800123c      0x130 ./Core/Src/stm32f4xx_hal_msp.o
                0x0800123c                HAL_SD_MspInit
 .text.NMI_Handler
                0x0800136c        0x8 ./Core/Src/stm32f4xx_it.o
                0x0800136c                NMI_Handler
 .text.HardFault_Handler
                0x08001374        0x8 ./Core/Src/stm32f4xx_it.o
                0x08001374                HardFault_Handler
 .text.MemManage_Handler
                0x0800137c        0x8 ./Core/Src/stm32f4xx_it.o
                0x0800137c                MemManage_Handler
 .text.BusFault_Handler
                0x08001384        0x8 ./Core/Src/stm32f4xx_it.o
                0x08001384                BusFault_Handler
 .text.UsageFault_Handler
                0x0800138c        0x8 ./Core/Src/stm32f4xx_it.o
                0x0800138c                UsageFault_Handler
 .text.SVC_Handler
                0x08001394        0xe ./Core/Src/stm32f4xx_it.o
                0x08001394                SVC_Handler
 .text.DebugMon_Handler
                0x080013a2        0xe ./Core/Src/stm32f4xx_it.o
                0x080013a2                DebugMon_Handler
 .text.PendSV_Handler
                0x080013b0        0xe ./Core/Src/stm32f4xx_it.o
                0x080013b0                PendSV_Handler
 .text.SysTick_Handler
                0x080013be        0xc ./Core/Src/stm32f4xx_it.o
                0x080013be                SysTick_Handler
 *fill*         0x080013ca        0x2 
 .text.EXTI9_5_IRQHandler
                0x080013cc      0x11c ./Core/Src/stm32f4xx_it.o
                0x080013cc                EXTI9_5_IRQHandler
 .text.SystemInit
                0x080014e8       0x24 ./Core/Src/system_stm32f4xx.o
                0x080014e8                SystemInit
 .text.Reset_Handler
                0x0800150c       0x50 ./Core/Startup/startup_stm32f446retx.o
                0x0800150c                Reset_Handler
 .text.Default_Handler
                0x0800155c        0x2 ./Core/Startup/startup_stm32f446retx.o
                0x0800155c                RTC_Alarm_IRQHandler
                0x0800155c                EXTI2_IRQHandler
                0x0800155c                TIM8_CC_IRQHandler
                0x0800155c                FMPI2C1_EV_IRQHandler
                0x0800155c                SPI4_IRQHandler
                0x0800155c                TIM1_CC_IRQHandler
                0x0800155c                DMA2_Stream5_IRQHandler
                0x0800155c                DMA1_Stream5_IRQHandler
                0x0800155c                PVD_IRQHandler
                0x0800155c                SDIO_IRQHandler
                0x0800155c                TAMP_STAMP_IRQHandler
                0x0800155c                CAN2_RX1_IRQHandler
                0x0800155c                EXTI3_IRQHandler
                0x0800155c                TIM8_TRG_COM_TIM14_IRQHandler
                0x0800155c                TIM1_UP_TIM10_IRQHandler
                0x0800155c                TIM8_UP_TIM13_IRQHandler
                0x0800155c                I2C3_ER_IRQHandler
                0x0800155c                EXTI0_IRQHandler
                0x0800155c                I2C2_EV_IRQHandler
                0x0800155c                DMA1_Stream2_IRQHandler
                0x0800155c                CAN1_RX0_IRQHandler
                0x0800155c                FPU_IRQHandler
                0x0800155c                OTG_HS_WKUP_IRQHandler
                0x0800155c                CAN2_SCE_IRQHandler
                0x0800155c                DMA2_Stream2_IRQHandler
                0x0800155c                SPI1_IRQHandler
                0x0800155c                TIM6_DAC_IRQHandler
                0x0800155c                TIM1_BRK_TIM9_IRQHandler
                0x0800155c                DCMI_IRQHandler
                0x0800155c                CAN2_RX0_IRQHandler
                0x0800155c                DMA2_Stream3_IRQHandler
                0x0800155c                SAI2_IRQHandler
                0x0800155c                USART6_IRQHandler
                0x0800155c                USART3_IRQHandler
                0x0800155c                CAN1_RX1_IRQHandler
                0x0800155c                UART5_IRQHandler
                0x0800155c                DMA2_Stream0_IRQHandler
                0x0800155c                TIM4_IRQHandler
                0x0800155c                QUADSPI_IRQHandler
                0x0800155c                I2C1_EV_IRQHandler
                0x0800155c                DMA1_Stream6_IRQHandler
                0x0800155c                DMA1_Stream1_IRQHandler
                0x0800155c                UART4_IRQHandler
                0x0800155c                TIM3_IRQHandler
                0x0800155c                RCC_IRQHandler
                0x0800155c                TIM8_BRK_TIM12_IRQHandler
                0x0800155c                Default_Handler
                0x0800155c                CEC_IRQHandler
                0x0800155c                EXTI15_10_IRQHandler
                0x0800155c                ADC_IRQHandler
                0x0800155c                DMA1_Stream7_IRQHandler
                0x0800155c                TIM7_IRQHandler
                0x0800155c                CAN2_TX_IRQHandler
                0x0800155c                TIM5_IRQHandler
                0x0800155c                DMA2_Stream7_IRQHandler
                0x0800155c                I2C3_EV_IRQHandler
                0x0800155c                RTC_WKUP_IRQHandler
                0x0800155c                SPDIF_RX_IRQHandler
                0x0800155c                SPI2_IRQHandler
                0x0800155c                OTG_HS_EP1_IN_IRQHandler
                0x0800155c                DMA1_Stream0_IRQHandler
                0x0800155c                CAN1_TX_IRQHandler
                0x0800155c                FMPI2C1_ER_IRQHandler
                0x0800155c                EXTI4_IRQHandler
                0x0800155c                OTG_HS_EP1_OUT_IRQHandler
                0x0800155c                WWDG_IRQHandler
                0x0800155c                TIM2_IRQHandler
                0x0800155c                OTG_FS_WKUP_IRQHandler
                0x0800155c                TIM1_TRG_COM_TIM11_IRQHandler
                0x0800155c                OTG_HS_IRQHandler
                0x0800155c                EXTI1_IRQHandler
                0x0800155c                USART2_IRQHandler
                0x0800155c                I2C2_ER_IRQHandler
                0x0800155c                DMA2_Stream1_IRQHandler
                0x0800155c                CAN1_SCE_IRQHandler
                0x0800155c                FLASH_IRQHandler
                0x0800155c                DMA2_Stream4_IRQHandler
                0x0800155c                USART1_IRQHandler
                0x0800155c                OTG_FS_IRQHandler
                0x0800155c                SPI3_IRQHandler
                0x0800155c                DMA1_Stream4_IRQHandler
                0x0800155c                I2C1_ER_IRQHandler
                0x0800155c                FMC_IRQHandler
                0x0800155c                DMA2_Stream6_IRQHandler
                0x0800155c                SAI1_IRQHandler
                0x0800155c                DMA1_Stream3_IRQHandler
 *fill*         0x0800155e        0x2 
 .text.HAL_Init
                0x08001560       0x44 ./Drivers/STM32F4xx_HAL_Driver/Src/stm32f4xx_hal.o
                0x08001560                HAL_Init
 .text.HAL_IncTick
                0x080015a4       0x28 ./Drivers/STM32F4xx_HAL_Driver/Src/stm32f4xx_hal.o
                0x080015a4                HAL_IncTick
 .text.HAL_GetTick
                0x080015cc       0x18 ./Drivers/STM32F4xx_HAL_Driver/Src/stm32f4xx_hal.o
                0x080015cc                HAL_GetTick
 .text.__NVIC_SetPriorityGrouping
                0x080015e4       0x48 ./Drivers/STM32F4xx_HAL_Driver/Src/stm32f4xx_hal_cortex.o
 .text.__NVIC_GetPriorityGrouping
                0x0800162c       0x1c ./Drivers/STM32F4xx_HAL_Driver/Src/stm32f4xx_hal_cortex.o
 .text.__NVIC_EnableIRQ
                0x08001648       0x3c ./Drivers/STM32F4xx_HAL_Driver/Src/stm32f4xx_hal_cortex.o
 .text.__NVIC_SetPriority
                0x08001684       0x54 ./Drivers/STM32F4xx_HAL_Driver/Src/stm32f4xx_hal_cortex.o
 .text.NVIC_EncodePriority
                0x080016d8       0x66 ./Drivers/STM32F4xx_HAL_Driver/Src/stm32f4xx_hal_cortex.o
 .text.HAL_NVIC_SetPriorityGrouping
                0x0800173e       0x16 ./Drivers/STM32F4xx_HAL_Driver/Src/stm32f4xx_hal_cortex.o
                0x0800173e                HAL_NVIC_SetPriorityGrouping
 .text.HAL_NVIC_SetPriority
                0x08001754       0x38 ./Drivers/STM32F4xx_HAL_Driver/Src/stm32f4xx_hal_cortex.o
                0x08001754                HAL_NVIC_SetPriority
 .text.HAL_NVIC_EnableIRQ
                0x0800178c       0x1c ./Drivers/STM32F4xx_HAL_Driver/Src/stm32f4xx_hal_cortex.o
                0x0800178c                HAL_NVIC_EnableIRQ
 .text.HAL_GPIO_Init
                0x080017a8      0x328 ./Drivers/STM32F4xx_HAL_Driver/Src/stm32f4xx_hal_gpio.o
                0x080017a8                HAL_GPIO_Init
 .text.HAL_GPIO_ReadPin
                0x08001ad0       0x30 ./Drivers/STM32F4xx_HAL_Driver/Src/stm32f4xx_hal_gpio.o
                0x08001ad0                HAL_GPIO_ReadPin
 .text.HAL_GPIO_WritePin
                0x08001b00       0x32 ./Drivers/STM32F4xx_HAL_Driver/Src/stm32f4xx_hal_gpio.o
                0x08001b00                HAL_GPIO_WritePin
 *fill*         0x08001b32        0x2 
 .text.HAL_RCC_ClockConfig
                0x08001b34      0x1cc ./Drivers/STM32F4xx_HAL_Driver/Src/stm32f4xx_hal_rcc.o
                0x08001b34                HAL_RCC_ClockConfig
 .text.HAL_RCCEx_PeriphCLKConfig
                0x08001d00      0x654 ./Drivers/STM32F4xx_HAL_Driver/Src/stm32f4xx_hal_rcc_ex.o
                0x08001d00                HAL_RCCEx_PeriphCLKConfig
 .text.HAL_RCC_GetSysClockFreq
                0x08002354      0x354 ./Drivers/STM32F4xx_HAL_Driver/Src/stm32f4xx_hal_rcc_ex.o
                0x08002354                HAL_RCC_GetSysClockFreq
 .text.HAL_RCC_OscConfig
                0x080026a8      0x53c ./Drivers/STM32F4xx_HAL_Driver/Src/stm32f4xx_hal_rcc_ex.o
                0x080026a8                HAL_RCC_OscConfig
 .text.HAL_SD_Init
                0x08002be4       0x60 ./Drivers/STM32F4xx_HAL_Driver/Src/stm32f4xx_hal_sd.o
                0x08002be4                HAL_SD_Init
 .text.HAL_SD_InitCard
                0x08002c44       0xf0 ./Drivers/STM32F4xx_HAL_Driver/Src/stm32f4xx_hal_sd.o
                0x08002c44                HAL_SD_InitCard
 .text.HAL_SD_ReadBlocks
                0x08002d34      0x3bc ./Drivers/STM32F4xx_HAL_Driver/Src/stm32f4xx_hal_sd.o
                0x08002d34                HAL_SD_ReadBlocks
 .text.HAL_SD_WriteBlocks
                0x080030f0      0x30c ./Drivers/STM32F4xx_HAL_Driver/Src/stm32f4xx_hal_sd.o
                0x080030f0                HAL_SD_WriteBlocks
 .text.HAL_SD_GetCardCSD
                0x080033fc      0x348 ./Drivers/STM32F4xx_HAL_Driver/Src/stm32f4xx_hal_sd.o
                0x080033fc                HAL_SD_GetCardCSD
 .text.HAL_SD_GetCardInfo
                0x08003744       0x58 ./Drivers/STM32F4xx_HAL_Driver/Src/stm32f4xx_hal_sd.o
                0x08003744                HAL_SD_GetCardInfo
 .text.HAL_SD_GetCardState
                0x0800379c       0x40 ./Drivers/STM32F4xx_HAL_Driver/Src/stm32f4xx_hal_sd.o
                0x0800379c                HAL_SD_GetCardState
 .text.SD_InitCard
                0x080037dc      0x19c ./Drivers/STM32F4xx_HAL_Driver/Src/stm32f4xx_hal_sd.o
 .text.SD_PowerON
                0x08003978      0x11c ./Drivers/STM32F4xx_HAL_Driver/Src/stm32f4xx_hal_sd.o
 .text.SD_SendStatus
                0x08003a94       0x50 ./Drivers/STM32F4xx_HAL_Driver/Src/stm32f4xx_hal_sd.o
 .text.SDIO_Init
                0x08003ae4       0x56 ./Drivers/STM32F4xx_HAL_Driver/Src/stm32f4xx_ll_sdmmc.o
                0x08003ae4                SDIO_Init
 .text.SDIO_ReadFIFO
                0x08003b3a       0x1a ./Drivers/STM32F4xx_HAL_Driver/Src/stm32f4xx_ll_sdmmc.o
                0x08003b3a                SDIO_ReadFIFO
 .text.SDIO_WriteFIFO
                0x08003b54       0x22 ./Drivers/STM32F4xx_HAL_Driver/Src/stm32f4xx_ll_sdmmc.o
                0x08003b54                SDIO_WriteFIFO
 .text.SDIO_PowerState_ON
                0x08003b76       0x1c ./Drivers/STM32F4xx_HAL_Driver/Src/stm32f4xx_ll_sdmmc.o
                0x08003b76                SDIO_PowerState_ON
 .text.SDIO_GetPowerState
                0x08003b92       0x1c ./Drivers/STM32F4xx_HAL_Driver/Src/stm32f4xx_ll_sdmmc.o
                0x08003b92                SDIO_GetPowerState
 .text.SDIO_SendCommand
                0x08003bae       0x54 ./Drivers/STM32F4xx_HAL_Driver/Src/stm32f4xx_ll_sdmmc.o
                0x08003bae                SDIO_SendCommand
 .text.SDIO_GetCommandResponse
                0x08003c02       0x1a ./Drivers/STM32F4xx_HAL_Driver/Src/stm32f4xx_ll_sdmmc.o
                0x08003c02                SDIO_GetCommandResponse
 .text.SDIO_GetResponse
                0x08003c1c       0x26 ./Drivers/STM32F4xx_HAL_Driver/Src/stm32f4xx_ll_sdmmc.o
                0x08003c1c                SDIO_GetResponse
 .text.SDIO_ConfigData
                0x08003c42       0x58 ./Drivers/STM32F4xx_HAL_Driver/Src/stm32f4xx_ll_sdmmc.o
                0x08003c42                SDIO_ConfigData
 .text.SDMMC_CmdBlockLength
                0x08003c9a       0x44 ./Drivers/STM32F4xx_HAL_Driver/Src/stm32f4xx_ll_sdmmc.o
                0x08003c9a                SDMMC_CmdBlockLength
 .text.SDMMC_CmdReadSingleBlock
                0x08003cde       0x44 ./Drivers/STM32F4xx_HAL_Driver/Src/stm32f4xx_ll_sdmmc.o
                0x08003cde                SDMMC_CmdReadSingleBlock
 .text.SDMMC_CmdReadMultiBlock
                0x08003d22       0x44 ./Drivers/STM32F4xx_HAL_Driver/Src/stm32f4xx_ll_sdmmc.o
                0x08003d22                SDMMC_CmdReadMultiBlock
 .text.SDMMC_CmdWriteSingleBlock
                0x08003d66       0x44 ./Drivers/STM32F4xx_HAL_Driver/Src/stm32f4xx_ll_sdmmc.o
                0x08003d66                SDMMC_CmdWriteSingleBlock
 .text.SDMMC_CmdWriteMultiBlock
                0x08003daa       0x44 ./Drivers/STM32F4xx_HAL_Driver/Src/stm32f4xx_ll_sdmmc.o
                0x08003daa                SDMMC_CmdWriteMultiBlock
 *fill*         0x08003dee        0x2 
 .text.SDMMC_CmdStopTransfer
                0x08003df0       0x44 ./Drivers/STM32F4xx_HAL_Driver/Src/stm32f4xx_ll_sdmmc.o
                0x08003df0                SDMMC_CmdStopTransfer
 .text.SDMMC_CmdSelDesel
                0x08003e34       0x46 ./Drivers/STM32F4xx_HAL_Driver/Src/stm32f4xx_ll_sdmmc.o
                0x08003e34                SDMMC_CmdSelDesel
 .text.SDMMC_CmdGoIdleState
                0x08003e7a       0x3c ./Drivers/STM32F4xx_HAL_Driver/Src/stm32f4xx_ll_sdmmc.o
                0x08003e7a                SDMMC_CmdGoIdleState
 .text.SDMMC_CmdOperCond
                0x08003eb6       0x3e ./Drivers/STM32F4xx_HAL_Driver/Src/stm32f4xx_ll_sdmmc.o
                0x08003eb6                SDMMC_CmdOperCond
 .text.SDMMC_CmdAppCommand
                0x08003ef4       0x44 ./Drivers/STM32F4xx_HAL_Driver/Src/stm32f4xx_ll_sdmmc.o
                0x08003ef4                SDMMC_CmdAppCommand
 .text.SDMMC_CmdAppOperCommand
                0x08003f38       0x46 ./Drivers/STM32F4xx_HAL_Driver/Src/stm32f4xx_ll_sdmmc.o
                0x08003f38                SDMMC_CmdAppOperCommand
 .text.SDMMC_CmdSendCID
                0x08003f7e       0x3c ./Drivers/STM32F4xx_HAL_Driver/Src/stm32f4xx_ll_sdmmc.o
                0x08003f7e                SDMMC_CmdSendCID
 .text.SDMMC_CmdSendCSD
                0x08003fba       0x3e ./Drivers/STM32F4xx_HAL_Driver/Src/stm32f4xx_ll_sdmmc.o
                0x08003fba                SDMMC_CmdSendCSD
 .text.SDMMC_CmdSetRelAdd
                0x08003ff8       0x42 ./Drivers/STM32F4xx_HAL_Driver/Src/stm32f4xx_ll_sdmmc.o
                0x08003ff8                SDMMC_CmdSetRelAdd
 .text.SDMMC_CmdSendStatus
                0x0800403a       0x44 ./Drivers/STM32F4xx_HAL_Driver/Src/stm32f4xx_ll_sdmmc.o
                0x0800403a                SDMMC_CmdSendStatus
 *fill*         0x0800407e        0x2 
 .text.SDMMC_GetCmdResp1
                0x08004080      0x1dc ./Drivers/STM32F4xx_HAL_Driver/Src/stm32f4xx_ll_sdmmc.o
                0x08004080                SDMMC_GetCmdResp1
 .text.SDMMC_GetCmdResp2
                0x0800425c       0x90 ./Drivers/STM32F4xx_HAL_Driver/Src/stm32f4xx_ll_sdmmc.o
                0x0800425c                SDMMC_GetCmdResp2
 .text.SDMMC_GetCmdResp3
                0x080042ec       0x7c ./Drivers/STM32F4xx_HAL_Driver/Src/stm32f4xx_ll_sdmmc.o
                0x080042ec                SDMMC_GetCmdResp3
 .text.SDMMC_GetCmdResp6
                0x08004368       0xec ./Drivers/STM32F4xx_HAL_Driver/Src/stm32f4xx_ll_sdmmc.o
                0x08004368                SDMMC_GetCmdResp6
 .text.SDMMC_GetCmdResp7
                0x08004454       0x9c ./Drivers/STM32F4xx_HAL_Driver/Src/stm32f4xx_ll_sdmmc.o
                0x08004454                SDMMC_GetCmdResp7
 .text.SDMMC_GetCmdError
                0x080044f0       0x58 ./Drivers/STM32F4xx_HAL_Driver/Src/stm32f4xx_ll_sdmmc.o
 .text.MX_FATFS_Init
                0x08004548       0x24 ./FATFS/App/fatfs.o
                0x08004548                MX_FATFS_Init
 .text.get_fattime
                0x0800456c       0x10 ./FATFS/App/fatfs.o
                0x0800456c                get_fattime
 .text.BSP_SD_Init
                0x0800457c       0x30 ./FATFS/Target/bsp_driver_sd.o
                0x0800457c                BSP_SD_Init
 .text.BSP_SD_ReadBlocks
                0x080045ac       0x3c ./FATFS/Target/bsp_driver_sd.o
                0x080045ac                BSP_SD_ReadBlocks
 .text.BSP_SD_WriteBlocks
                0x080045e8       0x3c ./FATFS/Target/bsp_driver_sd.o
                0x080045e8                BSP_SD_WriteBlocks
 .text.BSP_SD_GetCardState
                0x08004624       0x20 ./FATFS/Target/bsp_driver_sd.o
                0x08004624                BSP_SD_GetCardState
 .text.BSP_SD_GetCardInfo
                0x08004644       0x1c ./FATFS/Target/bsp_driver_sd.o
                0x08004644                BSP_SD_GetCardInfo
 .text.BSP_SD_IsDetected
                0x08004660       0x24 ./FATFS/Target/bsp_driver_sd.o
                0x08004660                BSP_SD_IsDetected
 .text.BSP_PlatformIsDetected
                0x08004684       0x2c ./FATFS/Target/fatfs_platform.o
                0x08004684                BSP_PlatformIsDetected
 .text.SD_CheckStatus
                0x080046b0       0x3c ./FATFS/Target/sd_diskio.o
 .text.SD_initialize
                0x080046ec       0x3c ./FATFS/Target/sd_diskio.o
                0x080046ec                SD_initialize
 .text.SD_status
                0x08004728       0x1c ./FATFS/Target/sd_diskio.o
                0x08004728                SD_status
 .text.SD_read  0x08004744       0x42 ./FATFS/Target/sd_diskio.o
                0x08004744                SD_read
 .text.SD_write
                0x08004786       0x42 ./FATFS/Target/sd_diskio.o
                0x08004786                SD_write
 .text.SD_ioctl
                0x080047c8       0xb0 ./FATFS/Target/sd_diskio.o
                0x080047c8                SD_ioctl
 .text.disk_status
                0x08004878       0x34 ./Middlewares/Third_Party/FatFs/src/diskio.o
                0x08004878                disk_status
 .text.disk_initialize
                0x080048ac       0x50 ./Middlewares/Third_Party/FatFs/src/diskio.o
                0x080048ac                disk_initialize
 .text.disk_read
                0x080048fc       0x40 ./Middlewares/Third_Party/FatFs/src/diskio.o
                0x080048fc                disk_read
 .text.disk_write
                0x0800493c       0x40 ./Middlewares/Third_Party/FatFs/src/diskio.o
                0x0800493c                disk_write
 .text.disk_ioctl
                0x0800497c       0x3c ./Middlewares/Third_Party/FatFs/src/diskio.o
                0x0800497c                disk_ioctl
 .text.ld_word  0x080049b8       0x32 ./Middlewares/Third_Party/FatFs/src/ff.o
 .text.ld_dword
                0x080049ea       0x46 ./Middlewares/Third_Party/FatFs/src/ff.o
 .text.st_word  0x08004a30       0x36 ./Middlewares/Third_Party/FatFs/src/ff.o
 .text.st_dword
                0x08004a66       0x58 ./Middlewares/Third_Party/FatFs/src/ff.o
 .text.mem_cpy  0x08004abe       0x42 ./Middlewares/Third_Party/FatFs/src/ff.o
 .text.mem_set  0x08004b00       0x36 ./Middlewares/Third_Party/FatFs/src/ff.o
 .text.mem_cmp  0x08004b36       0x4e ./Middlewares/Third_Party/FatFs/src/ff.o
 .text.chk_chr  0x08004b84       0x36 ./Middlewares/Third_Party/FatFs/src/ff.o
 *fill*         0x08004bba        0x2 
 .text.chk_lock
                0x08004bbc       0xb8 ./Middlewares/Third_Party/FatFs/src/ff.o
 .text.enq_lock
                0x08004c74       0x44 ./Middlewares/Third_Party/FatFs/src/ff.o
 .text.inc_lock
                0x08004cb8      0x11c ./Middlewares/Third_Party/FatFs/src/ff.o
 .text.dec_lock
                0x08004dd4       0x78 ./Middlewares/Third_Party/FatFs/src/ff.o
 .text.clear_lock
                0x08004e4c       0x48 ./Middlewares/Third_Party/FatFs/src/ff.o
 .text.sync_window
                0x08004e94       0x88 ./Middlewares/Third_Party/FatFs/src/ff.o
 .text.move_window
                0x08004f1c       0x5a ./Middlewares/Third_Party/FatFs/src/ff.o
 *fill*         0x08004f76        0x2 
 .text.sync_fs  0x08004f78       0xdc ./Middlewares/Third_Party/FatFs/src/ff.o
 .text.clust2sect
                0x08005054       0x3e ./Middlewares/Third_Party/FatFs/src/ff.o
 .text.get_fat  0x08005092      0x14e ./Middlewares/Third_Party/FatFs/src/ff.o
 .text.put_fat  0x080051e0      0x1d4 ./Middlewares/Third_Party/FatFs/src/ff.o
 .text.remove_chain
                0x080053b4       0xca ./Middlewares/Third_Party/FatFs/src/ff.o
 .text.create_chain
                0x0800547e      0x130 ./Middlewares/Third_Party/FatFs/src/ff.o
 .text.clmt_clust
                0x080055ae       0x68 ./Middlewares/Third_Party/FatFs/src/ff.o
 .text.dir_sdi  0x08005616       0xf6 ./Middlewares/Third_Party/FatFs/src/ff.o
 .text.dir_next
                0x0800570c      0x18a ./Middlewares/Third_Party/FatFs/src/ff.o
 .text.dir_alloc
                0x08005896       0x8e ./Middlewares/Third_Party/FatFs/src/ff.o
 .text.ld_clust
                0x08005924       0x3e ./Middlewares/Third_Party/FatFs/src/ff.o
 .text.st_clust
                0x08005962       0x40 ./Middlewares/Third_Party/FatFs/src/ff.o
 .text.dir_find
                0x080059a2       0xaa ./Middlewares/Third_Party/FatFs/src/ff.o
 .text.dir_register
                0x08005a4c       0x64 ./Middlewares/Third_Party/FatFs/src/ff.o
 .text.create_name
                0x08005ab0      0x128 ./Middlewares/Third_Party/FatFs/src/ff.o
 .text.follow_path
                0x08005bd8       0xe2 ./Middlewares/Third_Party/FatFs/src/ff.o
 .text.get_ldnumber
                0x08005cba       0x88 ./Middlewares/Third_Party/FatFs/src/ff.o
 *fill*         0x08005d42        0x2 
 .text.check_fs
                0x08005d44       0xac ./Middlewares/Third_Party/FatFs/src/ff.o
 .text.find_volume
                0x08005df0      0x498 ./Middlewares/Third_Party/FatFs/src/ff.o
 .text.validate
                0x08006288       0x6a ./Middlewares/Third_Party/FatFs/src/ff.o
 *fill*         0x080062f2        0x2 
 .text.f_mount  0x080062f4       0x8c ./Middlewares/Third_Party/FatFs/src/ff.o
                0x080062f4                f_mount
 .text.f_open   0x08006380      0x374 ./Middlewares/Third_Party/FatFs/src/ff.o
                0x08006380                f_open
 .text.f_read   0x080066f4      0x27e ./Middlewares/Third_Party/FatFs/src/ff.o
                0x080066f4                f_read
 .text.f_write  0x08006972      0x2ea ./Middlewares/Third_Party/FatFs/src/ff.o
                0x08006972                f_write
 .text.f_sync   0x08006c5c       0xfc ./Middlewares/Third_Party/FatFs/src/ff.o
                0x08006c5c                f_sync
 .text.f_close  0x08006d58       0x54 ./Middlewares/Third_Party/FatFs/src/ff.o
                0x08006d58                f_close
 .text.f_lseek  0x08006dac      0x412 ./Middlewares/Third_Party/FatFs/src/ff.o
                0x08006dac                f_lseek
 *fill*         0x080071be        0x2 
 .text.FATFS_LinkDriverEx
                0x080071c0       0x98 ./Middlewares/Third_Party/FatFs/src/ff_gen_drv.o
                0x080071c0                FATFS_LinkDriverEx
 .text.FATFS_LinkDriver
                0x08007258       0x1e ./Middlewares/Third_Party/FatFs/src/ff_gen_drv.o
                0x08007258                FATFS_LinkDriver
 .text.memset   0x08007276       0x10 C:/ST/STM32CubeIDE_1.19.0/STM32CubeIDE/plugins/com.st.stm32cube.ide.mcu.externaltools.gnu-tools-for-stm32.13.3.rel1.win32_1.0.0.202411081344/tools/bin/../lib/gcc/arm-none-eabi/13.3.1/../../../../arm-none-eabi/lib/thumb/v7e-m+fp/hard\libc_nano.a(libc_a-memset.o)
                0x08007276                memset
 *fill*         0x08007286        0x2 
 .text.__libc_init_array
                0x08007288       0x48 C:/ST/STM32CubeIDE_1.19.0/STM32CubeIDE/plugins/com.st.stm32cube.ide.mcu.externaltools.gnu-tools-for-stm32.13.3.rel1.win32_1.0.0.202411081344/tools/bin/../lib/gcc/arm-none-eabi/13.3.1/../../../../arm-none-eabi/lib/thumb/v7e-m+fp/hard\libc_nano.a(libc_a-init.o)
                0x08007288                __libc_init_array
 *(.glue_7)
 .glue_7        0x080072d0        0x0 linker stubs
 *(.glue_7t)
 .glue_7t       0x080072d0        0x0 linker stubs
 *(.eh_frame)
 .eh_frame      0x080072d0        0x0 C:/ST/STM32CubeIDE_1.19.0/STM32CubeIDE/plugins/com.st.stm32cube.ide.mcu.externaltools.gnu-tools-for-stm32.13.3.rel1.win32_1.0.0.202411081344/tools/bin/../lib/gcc/arm-none-eabi/13.3.1/thumb/v7e-m+fp/hard/crtbegin.o
 *(.init)
 .init          0x080072d0        0x4 C:/ST/STM32CubeIDE_1.19.0/STM32CubeIDE/plugins/com.st.stm32cube.ide.mcu.externaltools.gnu-tools-for-stm32.13.3.rel1.win32_1.0.0.202411081344/tools/bin/../lib/gcc/arm-none-eabi/13.3.1/thumb/v7e-m+fp/hard/crti.o
                0x080072d0                _init
 .init          0x080072d4        0x8 C:/ST/STM32CubeIDE_1.19.0/STM32CubeIDE/plugins/com.st.stm32cube.ide.mcu.externaltools.gnu-tools-for-stm32.13.3.rel1.win32_1.0.0.202411081344/tools/bin/../lib/gcc/arm-none-eabi/13.3.1/thumb/v7e-m+fp/hard/crtn.o
 *(.fini)
 .fini          0x080072dc        0x4 C:/ST/STM32CubeIDE_1.19.0/STM32CubeIDE/plugins/com.st.stm32cube.ide.mcu.externaltools.gnu-tools-for-stm32.13.3.rel1.win32_1.0.0.202411081344/tools/bin/../lib/gcc/arm-none-eabi/13.3.1/thumb/v7e-m+fp/hard/crti.o
                0x080072dc                _fini
 .fini          0x080072e0        0x8 C:/ST/STM32CubeIDE_1.19.0/STM32CubeIDE/plugins/com.st.stm32cube.ide.mcu.externaltools.gnu-tools-for-stm32.13.3.rel1.win32_1.0.0.202411081344/tools/bin/../lib/gcc/arm-none-eabi/13.3.1/thumb/v7e-m+fp/hard/crtn.o
                0x080072e8                        . = ALIGN (0x4)
                0x080072e8                        _etext = .

.vfp11_veneer   0x080072e8        0x0
 .vfp11_veneer  0x080072e8        0x0 linker stubs

.v4_bx          0x080072e8        0x0
 .v4_bx         0x080072e8        0x0 linker stubs

.iplt           0x080072e8        0x0
 .iplt          0x080072e8        0x0 C:/ST/STM32CubeIDE_1.19.0/STM32CubeIDE/plugins/com.st.stm32cube.ide.mcu.externaltools.gnu-tools-for-stm32.13.3.rel1.win32_1.0.0.202411081344/tools/bin/../lib/gcc/arm-none-eabi/13.3.1/thumb/v7e-m+fp/hard/crtbegin.o

.rodata         0x080072e8    0x29d50
                0x080072e8                        . = ALIGN (0x4)
 *(.rodata)
 .rodata        0x080072e8       0x44 ./Middlewares/Third_Party/FatFs/src/ff.o
 *(.rodata*)
 .rodata.demoLz4hc
                0x0800732c     0xf850 ./Core/Src/lz4_decompress.o
                0x0800732c                demoLz4hc
 .rodata.block_index
                0x08016b7c       0x18 ./Core/Src/lz4_decompress.o
                0x08016b7c                block_index
 .rodata.minBlocs
                0x08016b94    0x1a400 ./Core/Src/main.o
                0x08016b94                minBlocs
 .rodata.AHBPrescTable
                0x08030f94       0x10 ./Core/Src/system_stm32f4xx.o
                0x08030f94                AHBPrescTable
 .rodata.SD_Driver
                0x08030fa4       0x14 ./FATFS/Target/sd_diskio.o
                0x08030fa4                SD_Driver
 .rodata.ExCvt  0x08030fb8       0x80 ./Middlewares/Third_Party/FatFs/src/ff.o
                0x08031038                        . = ALIGN (0x4)

.ARM.extab      0x08031038        0x0
                0x08031038                        . = ALIGN (0x4)
 *(.ARM.extab* .gnu.linkonce.armextab.*)
                0x08031038                        . = ALIGN (0x4)

.ARM            0x08031038        0x8
                0x08031038                        . = ALIGN (0x4)
                0x08031038                        __exidx_start = .
 *(.ARM.exidx*)
 .ARM.exidx     0x08031038        0x8 C:/ST/STM32CubeIDE_1.19.0/STM32CubeIDE/plugins/com.st.stm32cube.ide.mcu.externaltools.gnu-tools-for-stm32.13.3.rel1.win32_1.0.0.202411081344/tools/bin/../lib/gcc/arm-none-eabi/13.3.1/thumb/v7e-m+fp/hard\libgcc.a(_udivmoddi4.o)
                0x08031040                        __exidx_end = .
                0x08031040                        . = ALIGN (0x4)

.preinit_array  0x08031040        0x0
                0x08031040                        . = ALIGN (0x4)
                0x08031040                        PROVIDE (__preinit_array_start = .)
 *(.preinit_array*)
                0x08031040                        PROVIDE (__preinit_array_end = .)
                0x08031040                        . = ALIGN (0x4)

.init_array     0x08031040        0x4
                0x08031040                        . = ALIGN (0x4)
                0x08031040                        PROVIDE (__init_array_start = .)
 *(SORT_BY_NAME(.init_array.*))
 *(.init_array*)
 .init_array    0x08031040        0x4 C:/ST/STM32CubeIDE_1.19.0/STM32CubeIDE/plugins/com.st.stm32cube.ide.mcu.externaltools.gnu-tools-for-stm32.13.3.rel1.win32_1.0.0.202411081344/tools/bin/../lib/gcc/arm-none-eabi/13.3.1/thumb/v7e-m+fp/hard/crtbegin.o
                0x08031044                        PROVIDE (__init_array_end = .)
                0x08031044                        . = ALIGN (0x4)

.fini_array     0x08031044        0x4
                0x08031044                        . = ALIGN (0x4)
                [!provide]                        PROVIDE (__fini_array_start = .)
 *(SORT_BY_NAME(.fini_array.*))
 *(.fini_array*)
 .fini_array    0x08031044        0x4 C:/ST/STM32CubeIDE_1.19.0/STM32CubeIDE/plugins/com.st.stm32cube.ide.mcu.externaltools.gnu-tools-for-stm32.13.3.rel1.win32_1.0.0.202411081344/tools/bin/../lib/gcc/arm-none-eabi/13.3.1/thumb/v7e-m+fp/hard/crtbegin.o
                [!provide]                        PROVIDE (__fini_array_end = .)
                0x08031048                        . = ALIGN (0x4)
                0x08031048                        _sidata = LOADADDR (.data)

.rel.dyn        0x08031048        0x0
 .rel.iplt      0x08031048        0x0 C:/ST/STM32CubeIDE_1.19.0/STM32CubeIDE/plugins/com.st.stm32cube.ide.mcu.externaltools.gnu-tools-for-stm32.13.3.rel1.win32_1.0.0.202411081344/tools/bin/../lib/gcc/arm-none-eabi/13.3.1/thumb/v7e-m+fp/hard/crtbegin.o

.data           0x20000000       0x20 load address 0x08031048
                0x20000000                        . = ALIGN (0x4)
                0x20000000                        _sdata = .
 *(.data)
 *(.data*)
 .data.fileName
                0x20000000       0x14 ./Core/Src/main.o
                0x20000000                fileName
 .data.SystemCoreClock
                0x20000014        0x4 ./Core/Src/system_stm32f4xx.o
                0x20000014                SystemCoreClock
 .data.uwTickPrio
                0x20000018        0x4 ./Drivers/STM32F4xx_HAL_Driver/Src/stm32f4xx_hal.o
                0x20000018                uwTickPrio
 .data.uwTickFreq
                0x2000001c        0x1 ./Drivers/STM32F4xx_HAL_Driver/Src/stm32f4xx_hal.o
                0x2000001c                uwTickFreq
 .data.Stat     0x2000001d        0x1 ./FATFS/Target/sd_diskio.o
 *(.RamFunc)
 *(.RamFunc*)
                0x20000020                        . = ALIGN (0x4)
 *fill*         0x2000001e        0x2 
                0x20000020                        _edata = .

.igot.plt       0x20000020        0x0 load address 0x08031068
 .igot.plt      0x20000020        0x0 C:/ST/STM32CubeIDE_1.19.0/STM32CubeIDE/plugins/com.st.stm32cube.ide.mcu.externaltools.gnu-tools-for-stm32.13.3.rel1.win32_1.0.0.202411081344/tools/bin/../lib/gcc/arm-none-eabi/13.3.1/thumb/v7e-m+fp/hard/crtbegin.o
                0x20000020                        . = ALIGN (0x4)

.bss            0x20000020    0x1da20 load address 0x08031068
                0x20000020                        _sbss = .
                0x20000020                        __bss_start__ = _sbss
 *(.bss)
 .bss           0x20000020       0x1c C:/ST/STM32CubeIDE_1.19.0/STM32CubeIDE/plugins/com.st.stm32cube.ide.mcu.externaltools.gnu-tools-for-stm32.13.3.rel1.win32_1.0.0.202411081344/tools/bin/../lib/gcc/arm-none-eabi/13.3.1/thumb/v7e-m+fp/hard/crtbegin.o
 *(.bss*)
 .bss.floppyFile
                0x2000003c      0x230 ./Core/Src/floppy.o
                0x2000003c                floppyFile
 .bss.floppyMounted
                0x2000026c        0x1 ./Core/Src/floppy.o
                0x2000026c                floppyMounted
 *fill*         0x2000026d        0x3 
 .bss.hsd       0x20000270       0x84 ./Core/Src/main.o
                0x20000270                hsd
 .bss.dataMubusR
                0x200002f4        0x8 ./Core/Src/main.o
                0x200002f4                dataMubusR
 .bss.dataMubusW
                0x200002fc        0x8 ./Core/Src/main.o
                0x200002fc                dataMubusW
 .bss.ptDx      0x20000304        0x4 ./Core/Src/main.o
                0x20000304                ptDx
 .bss.WDcommand
                0x20000308        0x1 ./Core/Src/main.o
                0x20000308                WDcommand
 .bss.choix     0x20000309        0x1 ./Core/Src/main.o
                0x20000309                choix
 *fill*         0x2000030a        0x2 
 .bss.blocs     0x2000030c        0x4 ./Core/Src/main.o
                0x2000030c                blocs
 .bss.fs        0x20000310      0x230 ./Core/Src/main.o
                0x20000310                fs
 .bss.buffer    0x20000540    0x1d4c0 ./Core/Src/main.o
                0x20000540                buffer
 .bss.uwTick    0x2001da00        0x4 ./Drivers/STM32F4xx_HAL_Driver/Src/stm32f4xx_hal.o
                0x2001da00                uwTick
 .bss.retSD     0x2001da04        0x1 ./FATFS/App/fatfs.o
                0x2001da04                retSD
 *fill*         0x2001da05        0x3 
 .bss.SDPath    0x2001da08        0x4 ./FATFS/App/fatfs.o
                0x2001da08                SDPath
 .bss.FatFs     0x2001da0c        0x4 ./Middlewares/Third_Party/FatFs/src/ff.o
 .bss.Fsid      0x2001da10        0x2 ./Middlewares/Third_Party/FatFs/src/ff.o
 *fill*         0x2001da12        0x2 
 .bss.Files     0x2001da14       0x20 ./Middlewares/Third_Party/FatFs/src/ff.o
 .bss.disk      0x2001da34        0xc ./Middlewares/Third_Party/FatFs/src/ff_gen_drv.o
                0x2001da34                disk
 *(COMMON)
                0x2001da40                        . = ALIGN (0x4)
                0x2001da40                        _ebss = .
                0x2001da40                        __bss_end__ = _ebss

._user_heap_stack
                0x2001da40      0x600 load address 0x08031068
                0x2001da40                        . = ALIGN (0x8)
                [!provide]                        PROVIDE (end = .)
                0x2001da40                        PROVIDE (_end = .)
                0x2001dc40                        . = (. + _Min_Heap_Size)
 *fill*         0x2001da40      0x200 
                0x2001e040                        . = (. + _Min_Stack_Size)
 *fill*         0x2001dc40      0x400 
                0x2001e040                        . = ALIGN (0x8)

/DISCARD/
 libc.a(*)
 libm.a(*)
 libgcc.a(*)

.ARM.attributes
                0x00000000       0x30
 *(.ARM.attributes)
 .ARM.attributes
                0x00000000       0x22 C:/ST/STM32CubeIDE_1.19.0/STM32CubeIDE/plugins/com.st.stm32cube.ide.mcu.externaltools.gnu-tools-for-stm32.13.3.rel1.win32_1.0.0.202411081344/tools/bin/../lib/gcc/arm-none-eabi/13.3.1/thumb/v7e-m+fp/hard/crti.o
 .ARM.attributes
                0x00000022       0x34 C:/ST/STM32CubeIDE_1.19.0/STM32CubeIDE/plugins/com.st.stm32cube.ide.mcu.externaltools.gnu-tools-for-stm32.13.3.rel1.win32_1.0.0.202411081344/tools/bin/../lib/gcc/arm-none-eabi/13.3.1/thumb/v7e-m+fp/hard/crtbegin.o
 .ARM.attributes
                0x00000056       0x34 ./Core/Src/floppy.o
 .ARM.attributes
                0x0000008a       0x34 ./Core/Src/lz4_decompress.o
 .ARM.attributes
                0x000000be       0x34 ./Core/Src/main.o
 .ARM.attributes
                0x000000f2       0x34 ./Core/Src/stm32f4xx_hal_msp.o
 .ARM.attributes
                0x00000126       0x34 ./Core/Src/stm32f4xx_it.o
 .ARM.attributes
                0x0000015a       0x34 ./Core/Src/system_stm32f4xx.o
 .ARM.attributes
                0x0000018e       0x21 ./Core/Startup/startup_stm32f446retx.o
 .ARM.attributes
                0x000001af       0x34 ./Drivers/STM32F4xx_HAL_Driver/Src/stm32f4xx_hal.o
 .ARM.attributes
                0x000001e3       0x34 ./Drivers/STM32F4xx_HAL_Driver/Src/stm32f4xx_hal_cortex.o
 .ARM.attributes
                0x00000217       0x34 ./Drivers/STM32F4xx_HAL_Driver/Src/stm32f4xx_hal_gpio.o
 .ARM.attributes
                0x0000024b       0x34 ./Drivers/STM32F4xx_HAL_Driver/Src/stm32f4xx_hal_rcc.o
 .ARM.attributes
                0x0000027f       0x34 ./Drivers/STM32F4xx_HAL_Driver/Src/stm32f4xx_hal_rcc_ex.o
 .ARM.attributes
                0x000002b3       0x34 ./Drivers/STM32F4xx_HAL_Driver/Src/stm32f4xx_hal_sd.o
 .ARM.attributes
                0x000002e7       0x34 ./Drivers/STM32F4xx_HAL_Driver/Src/stm32f4xx_ll_sdmmc.o
 .ARM.attributes
                0x0000031b       0x34 ./FATFS/App/fatfs.o
 .ARM.attributes
                0x0000034f       0x34 ./FATFS/Target/bsp_driver_sd.o
 .ARM.attributes
                0x00000383       0x34 ./FATFS/Target/fatfs_platform.o
 .ARM.attributes
                0x000003b7       0x34 ./FATFS/Target/sd_diskio.o
 .ARM.attributes
                0x000003eb       0x34 ./Middlewares/Third_Party/FatFs/src/diskio.o
 .ARM.attributes
                0x0000041f       0x34 ./Middlewares/Third_Party/FatFs/src/ff.o
 .ARM.attributes
                0x00000453       0x34 ./Middlewares/Third_Party/FatFs/src/ff_gen_drv.o
 .ARM.attributes
                0x00000487       0x34 C:/ST/STM32CubeIDE_1.19.0/STM32CubeIDE/plugins/com.st.stm32cube.ide.mcu.externaltools.gnu-tools-for-stm32.13.3.rel1.win32_1.0.0.202411081344/tools/bin/../lib/gcc/arm-none-eabi/13.3.1/../../../../arm-none-eabi/lib/thumb/v7e-m+fp/hard\libc_nano.a(libc_a-memset.o)
 .ARM.attributes
                0x000004bb       0x34 C:/ST/STM32CubeIDE_1.19.0/STM32CubeIDE/plugins/com.st.stm32cube.ide.mcu.externaltools.gnu-tools-for-stm32.13.3.rel1.win32_1.0.0.202411081344/tools/bin/../lib/gcc/arm-none-eabi/13.3.1/../../../../arm-none-eabi/lib/thumb/v7e-m+fp/hard\libc_nano.a(libc_a-init.o)
 .ARM.attributes
                0x000004ef       0x22 C:/ST/STM32CubeIDE_1.19.0/STM32CubeIDE/plugins/com.st.stm32cube.ide.mcu.externaltools.gnu-tools-for-stm32.13.3.rel1.win32_1.0.0.202411081344/tools/bin/../lib/gcc/arm-none-eabi/13.3.1/thumb/v7e-m+fp/hard\libgcc.a(_aeabi_uldivmod.o)
 .ARM.attributes
                0x00000511       0x34 C:/ST/STM32CubeIDE_1.19.0/STM32CubeIDE/plugins/com.st.stm32cube.ide.mcu.externaltools.gnu-tools-for-stm32.13.3.rel1.win32_1.0.0.202411081344/tools/bin/../lib/gcc/arm-none-eabi/13.3.1/thumb/v7e-m+fp/hard\libgcc.a(_udivmoddi4.o)
 .ARM.attributes
                0x00000545       0x22 C:/ST/STM32CubeIDE_1.19.0/STM32CubeIDE/plugins/com.st.stm32cube.ide.mcu.externaltools.gnu-tools-for-stm32.13.3.rel1.win32_1.0.0.202411081344/tools/bin/../lib/gcc/arm-none-eabi/13.3.1/thumb/v7e-m+fp/hard\libgcc.a(_dvmd_tls.o)
 .ARM.attributes
                0x00000567       0x22 C:/ST/STM32CubeIDE_1.19.0/STM32CubeIDE/plugins/com.st.stm32cube.ide.mcu.externaltools.gnu-tools-for-stm32.13.3.rel1.win32_1.0.0.202411081344/tools/bin/../lib/gcc/arm-none-eabi/13.3.1/thumb/v7e-m+fp/hard/crtn.o
OUTPUT(WD1002SD.elf elf32-littlearm)
LOAD linker stubs
LOAD C:/ST/STM32CubeIDE_1.19.0/STM32CubeIDE/plugins/com.st.stm32cube.ide.mcu.externaltools.gnu-tools-for-stm32.13.3.rel1.win32_1.0.0.202411081344/tools/bin/../lib/gcc/arm-none-eabi/13.3.1/../../../../arm-none-eabi/lib/thumb/v7e-m+fp/hard\libc.a
LOAD C:/ST/STM32CubeIDE_1.19.0/STM32CubeIDE/plugins/com.st.stm32cube.ide.mcu.externaltools.gnu-tools-for-stm32.13.3.rel1.win32_1.0.0.202411081344/tools/bin/../lib/gcc/arm-none-eabi/13.3.1/../../../../arm-none-eabi/lib/thumb/v7e-m+fp/hard\libm.a
LOAD C:/ST/STM32CubeIDE_1.19.0/STM32CubeIDE/plugins/com.st.stm32cube.ide.mcu.externaltools.gnu-tools-for-stm32.13.3.rel1.win32_1.0.0.202411081344/tools/bin/../lib/gcc/arm-none-eabi/13.3.1/thumb/v7e-m+fp/hard\libgcc.a

.debug_info     0x00000000     0xd25d
 .debug_info    0x00000000      0x562 ./Core/Src/floppy.o
 .debug_info    0x00000562      0x34d ./Core/Src/lz4_decompress.o
 .debug_info    0x000008af     0x1805 ./Core/Src/main.o
 .debug_info    0x000020b4      0xc59 ./Core/Src/stm32f4xx_hal_msp.o
 .debug_info    0x00002d0d      0x308 ./Core/Src/stm32f4xx_it.o
 .debug_info    0x00003015      0x54a ./Core/Src/system_stm32f4xx.o
 .debug_info    0x0000355f       0x30 ./Core/Startup/startup_stm32f446retx.o
 .debug_info    0x0000358f      0x99a ./Drivers/STM32F4xx_HAL_Driver/Src/stm32f4xx_hal.o
 .debug_info    0x00003f29      0xdaa ./Drivers/STM32F4xx_HAL_Driver/Src/stm32f4xx_hal_cortex.o
 .debug_info    0x00004cd3      0x70b ./Drivers/STM32F4xx_HAL_Driver/Src/stm32f4xx_hal_gpio.o
 .debug_info    0x000053de      0x8ff ./Drivers/STM32F4xx_HAL_Driver/Src/stm32f4xx_hal_rcc.o
 .debug_info    0x00005cdd      0x960 ./Drivers/STM32F4xx_HAL_Driver/Src/stm32f4xx_hal_rcc_ex.o
 .debug_info    0x0000663d     0x1bfb ./Drivers/STM32F4xx_HAL_Driver/Src/stm32f4xx_hal_sd.o
 .debug_info    0x00008238     0x10c4 ./Drivers/STM32F4xx_HAL_Driver/Src/stm32f4xx_ll_sdmmc.o
 .debug_info    0x000092fc      0x4d9 ./FATFS/App/fatfs.o
 .debug_info    0x000097d5      0xac9 ./FATFS/Target/bsp_driver_sd.o
 .debug_info    0x0000a29e      0x1cc ./FATFS/Target/fatfs_platform.o
 .debug_info    0x0000a46a      0x4b8 ./FATFS/Target/sd_diskio.o
 .debug_info    0x0000a922      0x3df ./Middlewares/Third_Party/FatFs/src/diskio.o
 .debug_info    0x0000ad01     0x21dd ./Middlewares/Third_Party/FatFs/src/ff.o
 .debug_info    0x0000cede      0x37f ./Middlewares/Third_Party/FatFs/src/ff_gen_drv.o

.debug_abbrev   0x00000000     0x2775
 .debug_abbrev  0x00000000      0x180 ./Core/Src/floppy.o
 .debug_abbrev  0x00000180      0x14a ./Core/Src/lz4_decompress.o
 .debug_abbrev  0x000002ca      0x3e7 ./Core/Src/main.o
 .debug_abbrev  0x000006b1      0x1d3 ./Core/Src/stm32f4xx_hal_msp.o
 .debug_abbrev  0x00000884      0x154 ./Core/Src/stm32f4xx_it.o
 .debug_abbrev  0x000009d8      0x11a ./Core/Src/system_stm32f4xx.o
 .debug_abbrev  0x00000af2       0x24 ./Core/Startup/startup_stm32f446retx.o
 .debug_abbrev  0x00000b16      0x214 ./Drivers/STM32F4xx_HAL_Driver/Src/stm32f4xx_hal.o
 .debug_abbrev  0x00000d2a      0x31d ./Drivers/STM32F4xx_HAL_Driver/Src/stm32f4xx_hal_cortex.o
 .debug_abbrev  0x00001047      0x1d4 ./Drivers/STM32F4xx_HAL_Driver/Src/stm32f4xx_hal_gpio.o
 .debug_abbrev  0x0000121b      0x2b7 ./Drivers/STM32F4xx_HAL_Driver/Src/stm32f4xx_hal_rcc.o
 .debug_abbrev  0x000014d2      0x211 ./Drivers/STM32F4xx_HAL_Driver/Src/stm32f4xx_hal_rcc_ex.o
 .debug_abbrev  0x000016e3      0x297 ./Drivers/STM32F4xx_HAL_Driver/Src/stm32f4xx_hal_sd.o
 .debug_abbrev  0x0000197a      0x1d6 ./Drivers/STM32F4xx_HAL_Driver/Src/stm32f4xx_ll_sdmmc.o
 .debug_abbrev  0x00001b50      0x160 ./FATFS/App/fatfs.o
 .debug_abbrev  0x00001cb0      0x28b ./FATFS/Target/bsp_driver_sd.o
 .debug_abbrev  0x00001f3b      0x107 ./FATFS/Target/fatfs_platform.o
 .debug_abbrev  0x00002042      0x191 ./FATFS/Target/sd_diskio.o
 .debug_abbrev  0x000021d3      0x181 ./Middlewares/Third_Party/FatFs/src/diskio.o
 .debug_abbrev  0x00002354      0x282 ./Middlewares/Third_Party/FatFs/src/ff.o
 .debug_abbrev  0x000025d6      0x19f ./Middlewares/Third_Party/FatFs/src/ff_gen_drv.o

.debug_aranges  0x00000000      0xc08
 .debug_aranges
                0x00000000       0x30 ./Core/Src/floppy.o
 .debug_aranges
                0x00000030       0x30 ./Core/Src/lz4_decompress.o
 .debug_aranges
                0x00000060       0x98 ./Core/Src/main.o
 .debug_aranges
                0x000000f8       0x30 ./Core/Src/stm32f4xx_hal_msp.o
 .debug_aranges
                0x00000128       0x68 ./Core/Src/stm32f4xx_it.o
 .debug_aranges
                0x00000190       0x28 ./Core/Src/system_stm32f4xx.o
 .debug_aranges
                0x000001b8       0x28 ./Core/Startup/startup_stm32f446retx.o
 .debug_aranges
                0x000001e0       0xf0 ./Drivers/STM32F4xx_HAL_Driver/Src/stm32f4xx_hal.o
 .debug_aranges
                0x000002d0      0x130 ./Drivers/STM32F4xx_HAL_Driver/Src/stm32f4xx_hal_cortex.o
 .debug_aranges
                0x00000400       0x58 ./Drivers/STM32F4xx_HAL_Driver/Src/stm32f4xx_hal_gpio.o
 .debug_aranges
                0x00000458       0x88 ./Drivers/STM32F4xx_HAL_Driver/Src/stm32f4xx_hal_rcc.o
 .debug_aranges
                0x000004e0       0x78 ./Drivers/STM32F4xx_HAL_Driver/Src/stm32f4xx_hal_rcc_ex.o
 .debug_aranges
                0x00000558      0x168 ./Drivers/STM32F4xx_HAL_Driver/Src/stm32f4xx_hal_sd.o
 .debug_aranges
                0x000006c0      0x188 ./Drivers/STM32F4xx_HAL_Driver/Src/stm32f4xx_ll_sdmmc.o
 .debug_aranges
                0x00000848       0x28 ./FATFS/App/fatfs.o
 .debug_aranges
                0x00000870       0xa0 ./FATFS/Target/bsp_driver_sd.o
 .debug_aranges
                0x00000910       0x20 ./FATFS/Target/fatfs_platform.o
 .debug_aranges
                0x00000930       0x48 ./FATFS/Target/sd_diskio.o
 .debug_aranges
                0x00000978       0x48 ./Middlewares/Third_Party/FatFs/src/diskio.o
 .debug_aranges
                0x000009c0      0x208 ./Middlewares/Third_Party/FatFs/src/ff.o
 .debug_aranges
                0x00000bc8       0x40 ./Middlewares/Third_Party/FatFs/src/ff_gen_drv.o

.debug_rnglists
                0x00000000      0x905
 .debug_rnglists
                0x00000000       0x1f ./Core/Src/floppy.o
 .debug_rnglists
                0x0000001f       0x2f ./Core/Src/lz4_decompress.o
 .debug_rnglists
                0x0000004e       0x72 ./Core/Src/main.o
 .debug_rnglists
                0x000000c0       0x20 ./Core/Src/stm32f4xx_hal_msp.o
 .debug_rnglists
                0x000000e0       0x4a ./Core/Src/stm32f4xx_it.o
 .debug_rnglists
                0x0000012a       0x1a ./Core/Src/system_stm32f4xx.o
 .debug_rnglists
                0x00000144       0x19 ./Core/Startup/startup_stm32f446retx.o
 .debug_rnglists
                0x0000015d       0xaf ./Drivers/STM32F4xx_HAL_Driver/Src/stm32f4xx_hal.o
 .debug_rnglists
                0x0000020c       0xe0 ./Drivers/STM32F4xx_HAL_Driver/Src/stm32f4xx_hal_cortex.o
 .debug_rnglists
                0x000002ec       0x3f ./Drivers/STM32F4xx_HAL_Driver/Src/stm32f4xx_hal_gpio.o
 .debug_rnglists
                0x0000032b       0x66 ./Drivers/STM32F4xx_HAL_Driver/Src/stm32f4xx_hal_rcc.o
 .debug_rnglists
                0x00000391       0x5e ./Drivers/STM32F4xx_HAL_Driver/Src/stm32f4xx_hal_rcc_ex.o
 .debug_rnglists
                0x000003ef      0x121 ./Drivers/STM32F4xx_HAL_Driver/Src/stm32f4xx_hal_sd.o
 .debug_rnglists
                0x00000510      0x125 ./Drivers/STM32F4xx_HAL_Driver/Src/stm32f4xx_ll_sdmmc.o
 .debug_rnglists
                0x00000635       0x19 ./FATFS/App/fatfs.o
 .debug_rnglists
                0x0000064e       0x73 ./FATFS/Target/bsp_driver_sd.o
 .debug_rnglists
                0x000006c1       0x13 ./FATFS/Target/fatfs_platform.o
 .debug_rnglists
                0x000006d4       0x32 ./FATFS/Target/sd_diskio.o
 .debug_rnglists
                0x00000706       0x31 ./Middlewares/Third_Party/FatFs/src/diskio.o
 .debug_rnglists
                0x00000737      0x1a2 ./Middlewares/Third_Party/FatFs/src/ff.o
 .debug_rnglists
                0x000008d9       0x2c ./Middlewares/Third_Party/FatFs/src/ff_gen_drv.o

.debug_macro    0x00000000    0x2372a
 .debug_macro   0x00000000      0x2fa ./Core/Src/floppy.o
 .debug_macro   0x000002fa      0xaea ./Core/Src/floppy.o
 .debug_macro   0x00000de4      0x295 ./Core/Src/floppy.o
 .debug_macro   0x00001079       0x28 ./Core/Src/floppy.o
 .debug_macro   0x000010a1       0x28 ./Core/Src/floppy.o
 .debug_macro   0x000010c9       0x22 ./Core/Src/floppy.o
 .debug_macro   0x000010eb       0x8e ./Core/Src/floppy.o
 .debug_macro   0x00001179       0x51 ./Core/Src/floppy.o
 .debug_macro   0x000011ca      0x103 ./Core/Src/floppy.o
 .debug_macro   0x000012cd       0x6a ./Core/Src/floppy.o
 .debug_macro   0x00001337      0x1df ./Core/Src/floppy.o
 .debug_macro   0x00001516       0x1c ./Core/Src/floppy.o
 .debug_macro   0x00001532       0x22 ./Core/Src/floppy.o
 .debug_macro   0x00001554       0xfb ./Core/Src/floppy.o
 .debug_macro   0x0000164f     0x1011 ./Core/Src/floppy.o
 .debug_macro   0x00002660      0x11f ./Core/Src/floppy.o
 .debug_macro   0x0000277f    0x1675e ./Core/Src/floppy.o
 .debug_macro   0x00018edd       0x6d ./Core/Src/floppy.o
 .debug_macro   0x00018f4a     0x3693 ./Core/Src/floppy.o
 .debug_macro   0x0001c5dd      0x190 ./Core/Src/floppy.o
 .debug_macro   0x0001c76d       0x5c ./Core/Src/floppy.o
 .debug_macro   0x0001c7c9      0xca5 ./Core/Src/floppy.o
 .debug_macro   0x0001d46e      0x9e9 ./Core/Src/floppy.o
 .debug_macro   0x0001de57      0x115 ./Core/Src/floppy.o
 .debug_macro   0x0001df6c      0x1a0 ./Core/Src/floppy.o
 .debug_macro   0x0001e10c       0xa5 ./Core/Src/floppy.o
 .debug_macro   0x0001e1b1      0x16d ./Core/Src/floppy.o
 .debug_macro   0x0001e31e      0x287 ./Core/Src/floppy.o
 .debug_macro   0x0001e5a5       0x5f ./Core/Src/floppy.o
 .debug_macro   0x0001e604      0x236 ./Core/Src/floppy.o
 .debug_macro   0x0001e83a      0x132 ./Core/Src/floppy.o
 .debug_macro   0x0001e96c      0x29c ./Core/Src/floppy.o
 .debug_macro   0x0001ec08       0x2e ./Core/Src/floppy.o
 .debug_macro   0x0001ec36      0x127 ./Core/Src/floppy.o
 .debug_macro   0x0001ed5d       0xe8 ./Core/Src/floppy.o
 .debug_macro   0x0001ee45       0x89 ./Core/Src/floppy.o
 .debug_macro   0x0001eece      0x822 ./Core/Src/floppy.o
 .debug_macro   0x0001f6f0      0x1d5 ./Core/Src/floppy.o
 .debug_macro   0x0001f8c5      0x126 ./Core/Src/floppy.o
 .debug_macro   0x0001f9eb      0x205 ./Core/Src/floppy.o
 .debug_macro   0x0001fbf0       0x1c ./Core/Src/floppy.o
 .debug_macro   0x0001fc0c       0x34 ./Core/Src/floppy.o
 .debug_macro   0x0001fc40       0xe5 ./Core/Src/floppy.o
 .debug_macro   0x0001fd25       0x2a ./Core/Src/floppy.o
 .debug_macro   0x0001fd4f       0x61 ./Core/Src/floppy.o
 .debug_macro   0x0001fdb0       0x43 ./Core/Src/floppy.o
 .debug_macro   0x0001fdf3       0x34 ./Core/Src/floppy.o
 .debug_macro   0x0001fe27       0x16 ./Core/Src/floppy.o
 .debug_macro   0x0001fe3d       0x3c ./Core/Src/floppy.o
 .debug_macro   0x0001fe79      0x370 ./Core/Src/floppy.o
 .debug_macro   0x000201e9       0x16 ./Core/Src/floppy.o
 .debug_macro   0x000201ff       0x4a ./Core/Src/floppy.o
 .debug_macro   0x00020249       0x34 ./Core/Src/floppy.o
 .debug_macro   0x0002027d       0x10 ./Core/Src/floppy.o
 .debug_macro   0x0002028d       0x58 ./Core/Src/floppy.o
 .debug_macro   0x000202e5       0x8e ./Core/Src/floppy.o
 .debug_macro   0x00020373       0x1c ./Core/Src/floppy.o
 .debug_macro   0x0002038f      0x185 ./Core/Src/floppy.o
 .debug_macro   0x00020514       0x16 ./Core/Src/floppy.o
 .debug_macro   0x0002052a       0x29 ./Core/Src/floppy.o
 .debug_macro   0x00020553       0x12 ./Core/Src/floppy.o
 .debug_macro   0x00020565       0xe2 ./Core/Src/floppy.o
 .debug_macro   0x00020647       0x86 ./Core/Src/lz4_decompress.o
 .debug_macro   0x000206cd      0x372 ./Core/Src/main.o
 .debug_macro   0x00020a3f       0x5b ./Core/Src/main.o
 .debug_macro   0x00020a9a       0x94 ./Core/Src/main.o
 .debug_macro   0x00020b2e       0x57 ./Core/Src/main.o
 .debug_macro   0x00020b85       0x10 ./Core/Src/main.o
 .debug_macro   0x00020b95       0x20 ./Core/Src/main.o
 .debug_macro   0x00020bb5       0x56 ./Core/Src/main.o
 .debug_macro   0x00020c0b       0x8e ./Core/Src/main.o
 .debug_macro   0x00020c99       0x10 ./Core/Src/main.o
 .debug_macro   0x00020ca9      0x1d8 ./Core/Src/stm32f4xx_hal_msp.o
 .debug_macro   0x00020e81      0x1fe ./Core/Src/stm32f4xx_it.o
 .debug_macro   0x0002107f      0x1c9 ./Core/Src/system_stm32f4xx.o
 .debug_macro   0x00021248      0x229 ./Drivers/STM32F4xx_HAL_Driver/Src/stm32f4xx_hal.o
 .debug_macro   0x00021471      0x1c9 ./Drivers/STM32F4xx_HAL_Driver/Src/stm32f4xx_hal_cortex.o
 .debug_macro   0x0002163a      0x1cf ./Drivers/STM32F4xx_HAL_Driver/Src/stm32f4xx_hal_gpio.o
 .debug_macro   0x00021809      0x1ed ./Drivers/STM32F4xx_HAL_Driver/Src/stm32f4xx_hal_rcc.o
 .debug_macro   0x000219f6      0x1c9 ./Drivers/STM32F4xx_HAL_Driver/Src/stm32f4xx_hal_rcc_ex.o
 .debug_macro   0x00021bbf      0x1ca ./Drivers/STM32F4xx_HAL_Driver/Src/stm32f4xx_hal_sd.o
 .debug_macro   0x00021d89      0x1ca ./Drivers/STM32F4xx_HAL_Driver/Src/stm32f4xx_ll_sdmmc.o
 .debug_macro   0x00021f53      0x315 ./FATFS/App/fatfs.o
 .debug_macro   0x00022268      0x1e1 ./FATFS/Target/bsp_driver_sd.o
 .debug_macro   0x00022449      0x1d2 ./FATFS/Target/fatfs_platform.o
 .debug_macro   0x0002261b      0x318 ./FATFS/Target/sd_diskio.o
 .debug_macro   0x00022933       0x16 ./FATFS/Target/sd_diskio.o
 .debug_macro   0x00022949       0x7c ./FATFS/Target/sd_diskio.o
 .debug_macro   0x000229c5      0x302 ./Middlewares/Third_Party/FatFs/src/diskio.o
 .debug_macro   0x00022cc7      0x709 ./Middlewares/Third_Party/FatFs/src/ff.o
 .debug_macro   0x000233d0       0x58 ./Middlewares/Third_Party/FatFs/src/ff.o
 .debug_macro   0x00023428      0x302 ./Middlewares/Third_Party/FatFs/src/ff_gen_drv.o

.debug_line     0x00000000    0x11729
 .debug_line    0x00000000      0x998 ./Core/Src/floppy.o
 .debug_line    0x00000998      0x571 ./Core/Src/lz4_decompress.o
 .debug_line    0x00000f09      0xeb2 ./Core/Src/main.o
 .debug_line    0x00001dbb      0x7b5 ./Core/Src/stm32f4xx_hal_msp.o
 .debug_line    0x00002570      0x89a ./Core/Src/stm32f4xx_it.o
 .debug_line    0x00002e0a      0x7a1 ./Core/Src/system_stm32f4xx.o
 .debug_line    0x000035ab       0x7a ./Core/Startup/startup_stm32f446retx.o
 .debug_line    0x00003625      0xa1d ./Drivers/STM32F4xx_HAL_Driver/Src/stm32f4xx_hal.o
 .debug_line    0x00004042      0xced ./Drivers/STM32F4xx_HAL_Driver/Src/stm32f4xx_hal_cortex.o
 .debug_line    0x00004d2f      0xb61 ./Drivers/STM32F4xx_HAL_Driver/Src/stm32f4xx_hal_gpio.o
 .debug_line    0x00005890      0xe36 ./Drivers/STM32F4xx_HAL_Driver/Src/stm32f4xx_hal_rcc.o
 .debug_line    0x000066c6     0x14e6 ./Drivers/STM32F4xx_HAL_Driver/Src/stm32f4xx_hal_rcc_ex.o
 .debug_line    0x00007bac     0x1e4f ./Drivers/STM32F4xx_HAL_Driver/Src/stm32f4xx_hal_sd.o
 .debug_line    0x000099fb      0xf9c ./Drivers/STM32F4xx_HAL_Driver/Src/stm32f4xx_ll_sdmmc.o
 .debug_line    0x0000a997      0x943 ./FATFS/App/fatfs.o
 .debug_line    0x0000b2da      0x92d ./FATFS/Target/bsp_driver_sd.o
 .debug_line    0x0000bc07      0x745 ./FATFS/Target/fatfs_platform.o
 .debug_line    0x0000c34c      0xa36 ./FATFS/Target/sd_diskio.o
 .debug_line    0x0000cd82      0x9b3 ./Middlewares/Third_Party/FatFs/src/diskio.o
 .debug_line    0x0000d735     0x3626 ./Middlewares/Third_Party/FatFs/src/ff.o
 .debug_line    0x00010d5b      0x9ce ./Middlewares/Third_Party/FatFs/src/ff_gen_drv.o

.debug_str      0x00000000    0xcd397
 .debug_str     0x00000000    0xcd397 ./Core/Src/floppy.o
                              0xc9218 (size before relaxing)
 .debug_str     0x000cd397     0x4281 ./Core/Src/lz4_decompress.o
 .debug_str     0x000cd397    0xca2e5 ./Core/Src/main.o
 .debug_str     0x000cd397    0xc5f95 ./Core/Src/stm32f4xx_hal_msp.o
 .debug_str     0x000cd397    0xc5939 ./Core/Src/stm32f4xx_it.o
 .debug_str     0x000cd397    0xc4f63 ./Core/Src/system_stm32f4xx.o
 .debug_str     0x000cd397       0x80 ./Core/Startup/startup_stm32f446retx.o
 .debug_str     0x000cd397    0xc5b28 ./Drivers/STM32F4xx_HAL_Driver/Src/stm32f4xx_hal.o
 .debug_str     0x000cd397    0xc587f ./Drivers/STM32F4xx_HAL_Driver/Src/stm32f4xx_hal_cortex.o
 .debug_str     0x000cd397    0xc50de ./Drivers/STM32F4xx_HAL_Driver/Src/stm32f4xx_hal_gpio.o
 .debug_str     0x000cd397    0xc539c ./Drivers/STM32F4xx_HAL_Driver/Src/stm32f4xx_hal_rcc.o
 .debug_str     0x000cd397    0xc53cf ./Drivers/STM32F4xx_HAL_Driver/Src/stm32f4xx_hal_rcc_ex.o
 .debug_str     0x000cd397    0xc5cb7 ./Drivers/STM32F4xx_HAL_Driver/Src/stm32f4xx_hal_sd.o
 .debug_str     0x000cd397    0xc53c5 ./Drivers/STM32F4xx_HAL_Driver/Src/stm32f4xx_ll_sdmmc.o
 .debug_str     0x000cd397    0xc9272 ./FATFS/App/fatfs.o
 .debug_str     0x000cd397    0xc55fa ./FATFS/Target/bsp_driver_sd.o
 .debug_str     0x000cd397    0xc4e95 ./FATFS/Target/fatfs_platform.o
 .debug_str     0x000cd397    0xc92ba ./FATFS/Target/sd_diskio.o
 .debug_str     0x000cd397    0xc918d ./Middlewares/Third_Party/FatFs/src/diskio.o
 .debug_str     0x000cd397    0xca3f0 ./Middlewares/Third_Party/FatFs/src/ff.o
 .debug_str     0x000cd397    0xc91de ./Middlewares/Third_Party/FatFs/src/ff_gen_drv.o

.comment        0x00000000       0x43
 .comment       0x00000000       0x43 ./Core/Src/floppy.o
                                 0x44 (size before relaxing)
 .comment       0x00000043       0x44 ./Core/Src/lz4_decompress.o
 .comment       0x00000043       0x44 ./Core/Src/main.o
 .comment       0x00000043       0x44 ./Core/Src/stm32f4xx_hal_msp.o
 .comment       0x00000043       0x44 ./Core/Src/stm32f4xx_it.o
 .comment       0x00000043       0x44 ./Core/Src/system_stm32f4xx.o
 .comment       0x00000043       0x44 ./Drivers/STM32F4xx_HAL_Driver/Src/stm32f4xx_hal.o
 .comment       0x00000043       0x44 ./Drivers/STM32F4xx_HAL_Driver/Src/stm32f4xx_hal_cortex.o
 .comment       0x00000043       0x44 ./Drivers/STM32F4xx_HAL_Driver/Src/stm32f4xx_hal_gpio.o
 .comment       0x00000043       0x44 ./Drivers/STM32F4xx_HAL_Driver/Src/stm32f4xx_hal_rcc.o
 .comment       0x00000043       0x44 ./Drivers/STM32F4xx_HAL_Driver/Src/stm32f4xx_hal_rcc_ex.o
 .comment       0x00000043       0x44 ./Drivers/STM32F4xx_HAL_Driver/Src/stm32f4xx_hal_sd.o
 .comment       0x00000043       0x44 ./Drivers/STM32F4xx_HAL_Driver/Src/stm32f4xx_ll_sdmmc.o
 .comment       0x00000043       0x44 ./FATFS/App/fatfs.o
 .comment       0x00000043       0x44 ./FATFS/Target/bsp_driver_sd.o
 .comment       0x00000043       0x44 ./FATFS/Target/fatfs_platform.o
 .comment       0x00000043       0x44 ./FATFS/Target/sd_diskio.o
 .comment       0x00000043       0x44 ./Middlewares/Third_Party/FatFs/src/diskio.o
 .comment       0x00000043       0x44 ./Middlewares/Third_Party/FatFs/src/ff.o
 .comment       0x00000043       0x44 ./Middlewares/Third_Party/FatFs/src/ff_gen_drv.o

.debug_frame    0x00000000     0x2f68
 .debug_frame   0x00000000       0x7c ./Core/Src/floppy.o
 .debug_frame   0x0000007c       0x80 ./Core/Src/lz4_decompress.o
 .debug_frame   0x000000fc      0x230 ./Core/Src/main.o
 .debug_frame   0x0000032c       0x84 ./Core/Src/stm32f4xx_hal_msp.o
 .debug_frame   0x000003b0      0x130 ./Core/Src/stm32f4xx_it.o
 .debug_frame   0x000004e0       0x58 ./Core/Src/system_stm32f4xx.o
 .debug_frame   0x00000538      0x374 ./Drivers/STM32F4xx_HAL_Driver/Src/stm32f4xx_hal.o
 .debug_frame   0x000008ac      0x508 ./Drivers/STM32F4xx_HAL_Driver/Src/stm32f4xx_hal_cortex.o
 .debug_frame   0x00000db4      0x14c ./Drivers/STM32F4xx_HAL_Driver/Src/stm32f4xx_hal_gpio.o
 .debug_frame   0x00000f00      0x1f4 ./Drivers/STM32F4xx_HAL_Driver/Src/stm32f4xx_hal_rcc.o
 .debug_frame   0x000010f4      0x1e8 ./Drivers/STM32F4xx_HAL_Driver/Src/stm32f4xx_hal_rcc_ex.o
 .debug_frame   0x000012dc      0x650 ./Drivers/STM32F4xx_HAL_Driver/Src/stm32f4xx_hal_sd.o
 .debug_frame   0x0000192c      0x6d0 ./Drivers/STM32F4xx_HAL_Driver/Src/stm32f4xx_ll_sdmmc.o
 .debug_frame   0x00001ffc       0x4c ./FATFS/App/fatfs.o
 .debug_frame   0x00002048      0x258 ./FATFS/Target/bsp_driver_sd.o
 .debug_frame   0x000022a0       0x34 ./FATFS/Target/fatfs_platform.o
 .debug_frame   0x000022d4       0xe8 ./FATFS/Target/sd_diskio.o
 .debug_frame   0x000023bc       0xec ./Middlewares/Third_Party/FatFs/src/diskio.o
 .debug_frame   0x000024a8      0x94c ./Middlewares/Third_Party/FatFs/src/ff.o
 .debug_frame   0x00002df4       0xc8 ./Middlewares/Third_Party/FatFs/src/ff_gen_drv.o
 .debug_frame   0x00002ebc       0x20 C:/ST/STM32CubeIDE_1.19.0/STM32CubeIDE/plugins/com.st.stm32cube.ide.mcu.externaltools.gnu-tools-for-stm32.13.3.rel1.win32_1.0.0.202411081344/tools/bin/../lib/gcc/arm-none-eabi/13.3.1/../../../../arm-none-eabi/lib/thumb/v7e-m+fp/hard\libc_nano.a(libc_a-memset.o)
 .debug_frame   0x00002edc       0x2c C:/ST/STM32CubeIDE_1.19.0/STM32CubeIDE/plugins/com.st.stm32cube.ide.mcu.externaltools.gnu-tools-for-stm32.13.3.rel1.win32_1.0.0.202411081344/tools/bin/../lib/gcc/arm-none-eabi/13.3.1/../../../../arm-none-eabi/lib/thumb/v7e-m+fp/hard\libc_nano.a(libc_a-init.o)
 .debug_frame   0x00002f08       0x2c C:/ST/STM32CubeIDE_1.19.0/STM32CubeIDE/plugins/com.st.stm32cube.ide.mcu.externaltools.gnu-tools-for-stm32.13.3.rel1.win32_1.0.0.202411081344/tools/bin/../lib/gcc/arm-none-eabi/13.3.1/thumb/v7e-m+fp/hard\libgcc.a(_aeabi_uldivmod.o)
 .debug_frame   0x00002f34       0x34 C:/ST/STM32CubeIDE_1.19.0/STM32CubeIDE/plugins/com.st.stm32cube.ide.mcu.externaltools.gnu-tools-for-stm32.13.3.rel1.win32_1.0.0.202411081344/tools/bin/../lib/gcc/arm-none-eabi/13.3.1/thumb/v7e-m+fp/hard\libgcc.a(_udivmoddi4.o)

.debug_line_str
                0x00000000       0x64
 .debug_line_str
                0x00000000       0x64 ./Core/Startup/startup_stm32f446retx.o
